---
source: cubesql/src/compile/mod.rs
expression: "execute_query(\"SELECT * FROM pg_catalog.pg_class\".to_string(),\n              DatabaseProtocol::PostgreSQL).await?"
---
+-------+---------------------------+--------------+---------+-----------+----------+-------+-------------+---------------+----------+-----------+---------------+---------------+-------------+-------------+----------------+---------+----------+-----------+-------------+----------------+----------------+----------------+---------------------+----------------+--------------+----------------+------------+--------------+------------+--------+------------+--------------+
| oid   | relname                   | relnamespace | reltype | reloftype | relowner | relam | relfilenode | reltablespace | relpages | reltuples | relallvisible | reltoastrelid | relhasindex | relisshared | relpersistence | relkind | relnatts | relchecks | relhasrules | relhastriggers | relhassubclass | relrowsecurity | relforcerowsecurity | relispopulated | relreplident | relispartition | relrewrite | relfrozenxid | relminmxid | relacl | reloptions | relpartbound |
+-------+---------------------------+--------------+---------+-----------+----------+-------+-------------+---------------+----------+-----------+---------------+---------------+-------------+-------------+----------------+---------+----------+-----------+-------------+----------------+----------------+----------------+---------------------+----------------+--------------+----------------+------------+--------------+------------+--------+------------+--------------+
| 18010 | KibanaSampleDataEcommerce | 2200         | 0       | 0         | 10       | 2     | 0           | 0             | 0        | -1        | 0             | 0             | false       | false       | p              | r       | 3        | 0         | false       | false          | false          | false          | false               | true           | p            | false          | 0          | 0            | 1          | NULL   | NULL       | NULL         |
| 18020 | Logs                      | 2200         | 0       | 0         | 10       | 2     | 0           | 0             | 0        | -1        | 0             | 0             | false       | false       | p              | r       | 0        | 0         | false       | false          | false          | false          | false               | true           | p            | false          | 0          | 0            | 1          | NULL   | NULL       | NULL         |
+-------+---------------------------+--------------+---------+-----------+----------+-------+-------------+---------------+----------+-----------+---------------+---------------+-------------+-------------+----------------+---------+----------+-----------+-------------+----------------+----------------+----------------+---------------------+----------------+--------------+----------------+------------+--------------+------------+--------+------------+--------------+
